2025-07-23 00:00:00 [INFO] Starting MarketLore auto-update with action: fetch
2025-07-23 00:00:00 [INFO] Checking if server is running...
2025-07-23 00:00:00 [INFO] Server is running at http://localhost:4000
2025-07-23 00:00:00 [INFO] Fetching latest market data from Polymarket...
2025-07-23 00:00:01 [INFO] Successfully fetched market data:        1 lines
2025-07-23 00:00:01 [INFO] Market data fetch completed
2025-07-23 00:00:01 [INFO] Cleaning up old files...
2025-07-23 00:00:01 [INFO] Cleanup completed
2025-07-23 00:00:01 [INFO] Auto-update finished
2025-07-23 01:00:01 [INFO] Starting MarketLore auto-update with action: fetch
2025-07-23 01:00:01 [INFO] Checking if server is running...
2025-07-23 01:00:01 [INFO] Server is running at http://localhost:4000
2025-07-23 01:00:01 [INFO] Fetching latest market data from Polymarket...
2025-07-23 01:00:01 [INFO] Successfully fetched market data:        1 lines
2025-07-23 01:00:01 [INFO] Market data fetch completed
2025-07-23 01:00:01 [INFO] Cleaning up old files...
2025-07-23 01:00:01 [INFO] Cleanup completed
2025-07-23 01:00:01 [INFO] Auto-update finished
2025-07-23 02:00:00 [INFO] Starting MarketLore auto-update with action: fetch
2025-07-23 02:00:00 [INFO] Starting MarketLore auto-update with action: cleanup
2025-07-23 02:00:00 [INFO] Cleaning up old files...
2025-07-23 02:00:00 [INFO] Checking if server is running...
2025-07-23 02:00:00 [INFO] Cleanup completed
2025-07-23 02:00:00 [INFO] Cleaning up old files...
2025-07-23 02:00:00 [INFO] Server is running at http://localhost:4000
2025-07-23 02:00:00 [INFO] Cleanup completed
2025-07-23 02:00:00 [INFO] Fetching latest market data from Polymarket...
2025-07-23 02:00:00 [INFO] Auto-update finished
2025-07-23 02:00:01 [INFO] Successfully fetched market data:        1 lines
2025-07-23 02:00:01 [INFO] Market data fetch completed
2025-07-23 02:00:01 [INFO] Cleaning up old files...
2025-07-23 02:00:01 [INFO] Cleanup completed
2025-07-23 02:00:01 [INFO] Auto-update finished
